[tianxinyu026.wixsite.com/perfect.html]
[static.parastorage.com/unpkg/core-js-bundle@3.2.1/minified.js]
[static.parastorage.com/unpkg/focus-within-polyfill@5.0.9/dist/focus-within-polyfill.js]
[backblue.gif]
[fade.gif]
[index.html]
[tianxinyu026.wixsite.com/c.4.delayed]
[tianxinyu026.wixsite.com/t.5.delayed]
[tianxinyu026.wixsite.com/index.html]
[polyfill-fastly.io/v3/polyfill.mind82c.js]
[tianxinyu026.wixsite.com/perfect/technology.html]
[tianxinyu026.wixsite.com/perfect/about.html]
[static.wixstatic.com/media/b660a9_5daf07a0c5b549ac8d700b312c757018_mv2.jpg/v1/fill/w_147,h_83,al_c,q_80,usm_0.66_1.00_0.01,blur_2,enc_auto/b660a9_5daf07a0c5b549ac8d700b312c757018_mv2.jpg]
[static.wixstatic.com/media/84770f_3ebbf7ac3e26427b83ca50c82aabaaf8_mv2.png/v1/fill/w_49,h_14,al_c,q_85,usm_0.66_1.00_0.01,blur_2,enc_auto/84770f_3ebbf7ac3e26427b83ca50c82aabaaf8_mv2.png]
[static.wixstatic.com/media/b660a9_06f72202f3524bec8e732548f301cfa1_mv2.jpg/v1/fill/w_123,h_83,al_c,q_80,usm_0.66_1.00_0.01,blur_2,enc_auto/b660a9_06f72202f3524bec8e732548f301cfa1_mv2.jpg]
[static.wixstatic.com/media/b660a9_0154e529a74548eaaf96f03602ca6de6_mv2.jpg/v1/fill/w_123,h_70,al_c,q_80,usm_0.66_1.00_0.01,blur_2,enc_auto/b660a9_0154e529a74548eaaf96f03602ca6de6_mv2.jpg]
[static.wixstatic.com/media/b660a9_49cde34906de41c5a46a4875ca7033f8_mv2.jpg/v1/fill/w_123,h_112,al_c,q_80,usm_0.66_1.00_0.01,blur_2,enc_auto/b660a9_49cde34906de41c5a46a4875ca7033f8_mv2.jpg]
[static.wixstatic.com/media/b660a9_4c57d22f95754e48885b513d2cc02b22_mv2.jpg/v1/fill/w_147,h_91,al_c,q_80,usm_0.66_1.00_0.01,blur_2,enc_auto/b660a9_4c57d22f95754e48885b513d2cc02b22_mv2.jpg]
[static.wixstatic.com/media/b660a9_1cd5ce54d29245e6b0afccb19daf44bb_mv2.jpg/v1/fill/w_125,h_125,al_c,q_80,usm_0.66_1.00_0.01,blur_1,enc_auto/b660a9_1cd5ce54d29245e6b0afccb19daf44bb_mv2.jpg]
[static.wixstatic.com/media/b660a9_9d32e07de9aa4acdbaee7ba4ef429628_mv2.png/v1/fill/w_96,h_96,al_c,q_85,usm_0.66_1.00_0.01,blur_3,enc_auto/bremen.png]
[static.wixstatic.com/media/b660a9_3dc2174b18cd40a38186676603ad624e_mv2.png/v1/fill/w_107,h_107,al_c,q_85,usm_0.66_1.00_0.01,blur_3,enc_auto/oppo.png]
[static.wixstatic.com/media/b660a9_795e01c0e8814c068d6163e3d1e42c8d_mv2.png/v1/fill/w_87,h_80,al_c,q_85,usm_0.66_1.00_0.01,blur_3,enc_auto/ucla.png]
[static.wixstatic.com/media/b660a9_0e9240944616467c9c2e8205f5cfb037_mv2.png/v1/fill/w_172,h_86,al_c,q_85,usm_0.66_1.00_0.01,blur_3,enc_auto/hauwei.png]
[static.parastorage.com/services/wix-thunderbolt/dist/webpack-runtime.b5eae09f.bundle.min.js]
[browser.sentry-cdn.com/6.18.2/bundle.min.js]
[tianxinyu026.wixsite.com/perfect/careers.html]
[tianxinyu026.wixsite.com/sitemap.16.delayed]
[tianxinyu026.wixsite.com/feed.17.delayed]
[tianxinyu026.wixsite.com/${i.18.delayed]
[static.parastorage.com/services/wix-thunderbolt/dist/thunderbolt-commons.4a294b38.bundle.min.js]
[static.parastorage.com/services/wix-thunderbolt/dist/main.c07e8381.bundle.min.js]
[static.parastorage.com/services/wix-thunderbolt/dist/main.renderer.1d21f023.bundle.min.js]
[static.parastorage.com/unpkg/lodash@4.17.21/lodash.min.js]
[static.parastorage.com/unpkg/react@18.3.1/umd/react.production.min.js]
[static.parastorage.com/unpkg/react-dom@18.3.1/umd/react-dom.production.min.js]
[tianxinyu026.wixsite.com/decodeURIComponent(e.1f.delayed]
[static.parastorage.com/services/tag-manager-client/1.875.0/siteTags.bundle.min.js]
[static.parastorage.com/services/wix-perf-measure/1.1095.0/wix-perf-measure.umd.min.js]
[tianxinyu026.wixsite.com/perfect.html]
[tianxinyu026.wixsite.com/c.html]
[tianxinyu026.wixsite.com/t.html]
[tianxinyu026.wixsite.com/index.html]
[static.wixstatic.com/media/b660a9_0c814ab8cfd54b3193a8478a05967fe3_mv2.jpg/v1/fill/w_147,h_79,al_c,q_80,usm_0.66_1.00_0.01,blur_2,enc_auto/b660a9_0c814ab8cfd54b3193a8478a05967fe3_mv2.jpg]
[tianxinyu026.wixsite.com/perfect/robots.23.delayed]
[tianxinyu026.wixsite.com/perfect/sitemap.xml]
[tianxinyu026.wixsite.com/perfect/feed.25.delayed]
[tianxinyu026.wixsite.com/perfect/${i.26.delayed]
[tianxinyu026.wixsite.com/perfect/decodeURIComponent(e.27.delayed]
[tianxinyu026.wixsite.com/perfect/technology.html]
[tianxinyu026.wixsite.com/perfect/c.28.delayed]
[tianxinyu026.wixsite.com/perfect/t.29.delayed]
[static.wixstatic.com/media/b660a9_cabc14c0406d48c1b9ae7190e9d75eea_mv2.jpg/v1/crop/x_94,y_0,w_1592,h_2451/fill/w_400,h_616,al_c,q_80,usm_0.66_1.00_0.01,enc_auto/sesicguys.jpg]
[static.wixstatic.com/media/b660a9_d2cbf9b2a19d4700b3ec61073b6a0708_mv2.jpg/v1/fill/w_147,h_51,al_c,q_80,usm_0.66_1.00_0.01,blur_2,enc_auto/b660a9_d2cbf9b2a19d4700b3ec61073b6a0708_mv2.jpg]
[static.wixstatic.com/media/c837a6_892d96f924374608aa5b536d2e4baf71_mv2.png/v1/fill/w_136,h_48,al_c,q_85,usm_0.66_1.00_0.01,blur_3,enc_auto/RCR-01.png]
[static.wixstatic.com/media/c837a6_41a30437c5b946cc9c4d48fe300106ed_mv2.png/v1/fill/w_132,h_28,al_c,q_85,usm_0.66_1.00_0.01,blur_3,enc_auto/TB_Review-01.png]
[static.wixstatic.com/media/c837a6_7a9b64de0c2d440da160ec83fd4312ad_mv2.png/v1/fill/w_136,h_18,al_c,q_85,usm_0.66_1.00_0.01,blur_3,enc_auto/Finance-01.png]
[static.wixstatic.com/media/c837a6_9fe36d379ad5420fb2f7663fe6a1ff26_mv2.png/v1/fill/w_135,h_33,al_c,q_85,usm_0.66_1.00_0.01,blur_3,enc_auto/Palo_Alto_Tribunal-01.png]
[static.wixstatic.com/media/c837a6_8842b707371246bf96beebdc0faa4ccb_mv2.png/v1/fill/w_136,h_95,al_c,q_85,usm_0.66_1.00_0.01,blur_3,enc_auto/London_post-01.png]
[tianxinyu026.wixsite.com/perfect/about.html]
[static.wixstatic.com/media/84770f_b277d32c4552480eb4068ee023b6402d_mv2.jpg/v1/fill/w_123,h_97,al_c,q_80,usm_0.66_1.00_0.01,blur_2,enc_auto/84770f_b277d32c4552480eb4068ee023b6402d_mv2.jpg]
[static.wixstatic.com/media/c837a6_dd610e0724af42ebbc47147f9fbbedf1_mv2.jpg/v1/fill/w_123,h_97,al_c,q_80,usm_0.66_1.00_0.01,blur_2,enc_auto/c837a6_dd610e0724af42ebbc47147f9fbbedf1_mv2.jpg]
[tianxinyu026.wixsite.com/perfect/electrical-engineer.html]
[tianxinyu026.wixsite.com/perfect/data-scientist.html]
[tianxinyu026.wixsite.com/perfect/artificial-intelligence-researcher.html]
[tianxinyu026.wixsite.com/perfect/deep-learning-engineer.html]
[tianxinyu026.wixsite.com/perfect/careers.html]
[tianxinyu026.wixsite.com/sitemap.html]
[tianxinyu026.wixsite.com/feed.html]
[tianxinyu026.wixsite.com/${i.html]
[tianxinyu026.wixsite.com/decodeURIComponent(e.html]
[tianxinyu026.wixsite.com/perfect/robots.html]
[tianxinyu026.wixsite.com/perfect/feed.html]
[tianxinyu026.wixsite.com/perfect/${i.html]
[tianxinyu026.wixsite.com/perfect/decodeURIComponent(e.html]
[tianxinyu026.wixsite.com/perfect/c.html]
[tianxinyu026.wixsite.com/perfect/t.html]
[tianxinyu026.wixsite.com/perfect/electrical-engineer.html]
[tianxinyu026.wixsite.com/perfect/data-scientist.html]
[tianxinyu026.wixsite.com/perfect/artificial-intelligence-researcher.html]
[tianxinyu026.wixsite.com/perfect/deep-learning-engineer.html]
[tianxinyu026.wixsite.com/perfect/submit-your-application.html]
[tianxinyu026.wixsite.com/perfect/submit-your-application.html]
